// Jest Snapshot v1, https://goo.gl/fbAQLP

exports[`Verify snapshot 1`] = `
<DocumentFragment>
  <div>
    Test text in card
  </div>
</DocumentFragment>
`;
